[www.mamouns.com/index.html]
[backblue.gif]
[fade.gif]
[index.html]
[media-cdn.getbento.com/accounts/0e58cf8ea89fa9cc4ccdf16360d9f235/media/images/38634Logo_Circle_Brown__White_Backing-01.png]
[images.getbento.com/accounts/0e58cf8ea89fa9cc4ccdf16360d9f235/media/images/16580wVHQPL800463.jpg]
[images.getbento.com/accounts/0e58cf8ea89fa9cc4ccdf16360d9f235/media/images/16580wVHQPL80.png]
[wsv3cdn.audioeye.com/bootstrap66ca.js]
[theme-assets.getbento.com/sensei/d1bfc36.sensei/assets/js/head.min.js]
[cdnjs.cloudflare.com/ajax/libs/font-awesome/6.4.2/css/all.min.css]
[connect.facebook.net/en_US/fbevents.js]
[www.google.com/recaptcha/enterprise776a.js]
[images.getbento.com/accounts/0e58cf8ea89fa9cc4ccdf16360d9f235/media/images/94417Buy_One_Feed_One_Homepage_Hero9aa8.jpg]
[cdn.rlets.com_443/capture_configs/d93/9d7/917/0e9415e85874c67faac3033.js]
[images.getbento.com/accounts/0e58cf8ea89fa9cc4ccdf16360d9f235/media/images/85158227-Mamouns-Slique-Edited9aa8.jpg]
[www.mamouns.com/locations/index.html]
[images.getbento.com/accounts/0e58cf8ea89fa9cc4ccdf16360d9f235/media/images/8383079aa8.jpg]
[www.mamouns.com/catering/index.html]
[www.mamouns.com/menu/index.html]
[www.mamouns.com/rewards/index.html]
[www.mamouns.com/gift-cards/index.html]
[images.getbento.com/accounts/0e58cf8ea89fa9cc4ccdf16360d9f235/media/images/55417App-Featured-Graphic-Website-Cover-Image-01-13279.jpg]
[www.mamouns.com/history/index.html]
[www.mamouns.com/press/index.html]
[www.mamouns.com/store/index.html]
[www.mamouns.com/halal/index.html]
[www.mamouns.com/contact/index.html]
[www.mamouns.com/privacypolicy/index.html]
[www.mamouns.com/store/product/mamouns-hot-sauce/index.html]
[images.getbento.com/accounts/0e58cf8ea89fa9cc4ccdf16360d9f235/media/images/193192073279.jpg]
[images.getbento.com/accounts/0e58cf8ea89fa9cc4ccdf16360d9f235/media/images/22754mamouns6030-Square9aa8.jpg]
[images.getbento.com/accounts/0e58cf8ea89fa9cc4ccdf16360d9f235/media/images/80294IMG_6986-Square-Edited9aa8.jpg]
[images.getbento.com/accounts/0e58cf8ea89fa9cc4ccdf16360d9f235/media/images/42261P2380028-019aa8.jpg]
[images.getbento.com/accounts/0e58cf8ea89fa9cc4ccdf16360d9f235/media/images/86649Halal-V2-large9aa8.jpg]
[theme-assets.getbento.com/sensei/d1bfc36.sensei/assets/js/foot.libs.min.js]
[theme-assets.getbento.com/sensei/d1bfc36.sensei/assets/js/bentobox.min.js]
[app-assets.getbento.com/alerts-component/874bbe9/main.js]
[app-assets.getbento.com/analytics/b432302/bento-analytics.min.js]
[www.mamouns.com/index.html]
[cdnjs.cloudflare.com/ajax/libs/font-awesome/6.4.2/css/all.min.css]
[www.mamouns.com/signals/config/index.html]
[www.mamouns.com/a/index.html]
[www.mamouns.com/signals/plugins/index.html]
[connect.facebook.net/en_US/fbevents.js]
[www.googletagmanager.com/gtm5445.html]
[www.mamouns.com/schema.org/index.html]
[www.mamouns.com/locations/index.html]
[www.mamouns.com/d/index.html]
[www.mamouns.com/b.resolvedLink/index.html]
[www.mamouns.com/signals/iwl.js/index.html]
[www.mamouns.com/signals/iwl.js/index0fc5.html]
[www.mamouns.com/c.dl/index.html]
[app-assets.getbento.com/store-locator/ba94d72/store-locator-bundle.js]
[www.mamouns.com/c.rl/index.html]
[images.getbento.com/accounts/0e58cf8ea89fa9cc4ccdf16360d9f235/media/images/6518Menu_-_Image_238bb.jpg]
[images.getbento.com/accounts/0e58cf8ea89fa9cc4ccdf16360d9f235/media/images/6518Menu_-_Image_29aa8.jpg]
[images.getbento.com/accounts/0e58cf8ea89fa9cc4ccdf16360d9f235/media/images/9503Falafel-Sandwich23279.png]
[images.getbento.com/accounts/0e58cf8ea89fa9cc4ccdf16360d9f235/media/images/69707Shawarma-Sandwich23279.png]
[images.getbento.com/accounts/0e58cf8ea89fa9cc4ccdf16360d9f235/media/images/61033Chicken-Kebob-Sandwich23279.png]
[images.getbento.com/accounts/0e58cf8ea89fa9cc4ccdf16360d9f235/media/images/46375Classic23279.png]
[images.getbento.com/accounts/0e58cf8ea89fa9cc4ccdf16360d9f235/media/images/5637West-4th29aa8.png]
[images.getbento.com/accounts/0e58cf8ea89fa9cc4ccdf16360d9f235/media/images/88486Manhattan23279.png]
[images.getbento.com/accounts/0e58cf8ea89fa9cc4ccdf16360d9f235/media/images/90643West-Village23279.png]
[images.getbento.com/accounts/0e58cf8ea89fa9cc4ccdf16360d9f235/media/images/87771Macdougal23279.png]
[images.getbento.com/accounts/0e58cf8ea89fa9cc4ccdf16360d9f235/media/images/22889Sullivan23279.png]
[images.getbento.com/accounts/0e58cf8ea89fa9cc4ccdf16360d9f235/media/images/97611East-Village23279.png]
[images.getbento.com/accounts/0e58cf8ea89fa9cc4ccdf16360d9f235/media/images/53624Bleecker23279.png]
[images.getbento.com/accounts/0e58cf8ea89fa9cc4ccdf16360d9f235/media/images/66517Legend-NEW-Vegetarian5f02.jpg]
[images.getbento.com/accounts/0e58cf8ea89fa9cc4ccdf16360d9f235/media/images/66195Legend-NEW-Vegan5f02.jpg]
[images.getbento.com/accounts/0e58cf8ea89fa9cc4ccdf16360d9f235/media/images/45723Legend-NEW-Gluten-Free5f02.jpg]
[images.getbento.com/accounts/0e58cf8ea89fa9cc4ccdf16360d9f235/media/images/46245Legend-NEW-Halal5f02.jpg]
[images.getbento.com/accounts/0e58cf8ea89fa9cc4ccdf16360d9f235/media/images/15240Falafel-Plate3279.png]
[images.getbento.com/accounts/0e58cf8ea89fa9cc4ccdf16360d9f235/media/images/15554Combo-Plate3279.png]
[images.getbento.com/accounts/0e58cf8ea89fa9cc4ccdf16360d9f235/media/images/77783Shawarma-Plate3279.png]
[images.getbento.com/accounts/0e58cf8ea89fa9cc4ccdf16360d9f235/media/images/75076Hummus-Bowl-V29aa8.jpg]
[images.getbento.com/accounts/0e58cf8ea89fa9cc4ccdf16360d9f235/media/images/24022Chicken-Kebob-Plate3279.png]
[images.getbento.com/accounts/0e58cf8ea89fa9cc4ccdf16360d9f235/media/images/91527Falafel-Side3279.png]
[images.getbento.com/accounts/0e58cf8ea89fa9cc4ccdf16360d9f235/media/images/54931Seasoned-Fries3279.png]
[images.getbento.com/accounts/0e58cf8ea89fa9cc4ccdf16360d9f235/media/images/20307Lentil-Soup3279.png]
[images.getbento.com/accounts/0e58cf8ea89fa9cc4ccdf16360d9f235/media/images/22064Side-Salad3279.png]
[images.getbento.com/accounts/0e58cf8ea89fa9cc4ccdf16360d9f235/media/images/66726Hummus-Side3279.png]
[images.getbento.com/accounts/0e58cf8ea89fa9cc4ccdf16360d9f235/media/images/85185Tabbouleh-Side3279.png]
[images.getbento.com/accounts/0e58cf8ea89fa9cc4ccdf16360d9f235/media/images/39376Chips3279.png]
[images.getbento.com/accounts/0e58cf8ea89fa9cc4ccdf16360d9f235/media/images/83533Pickled-Salad_13279.png]
[images.getbento.com/accounts/0e58cf8ea89fa9cc4ccdf16360d9f235/media/images/35501Pita-Bread-13279.png]
[images.getbento.com/accounts/0e58cf8ea89fa9cc4ccdf16360d9f235/media/images/85777Baba-Ganouj-Side_13279.png]
[images.getbento.com/accounts/0e58cf8ea89fa9cc4ccdf16360d9f235/media/images/42227Rice-Side3279.png]
[images.getbento.com/accounts/0e58cf8ea89fa9cc4ccdf16360d9f235/media/images/97980Grape-Leaves-Side_13279.png]
[images.getbento.com/accounts/0e58cf8ea89fa9cc4ccdf16360d9f235/media/images/6755Pita-Bread-33279.png]
[images.getbento.com/accounts/0e58cf8ea89fa9cc4ccdf16360d9f235/media/images/22430Walnut-Baklava-Edited-Square9aa8.png]
[images.getbento.com/accounts/0e58cf8ea89fa9cc4ccdf16360d9f235/media/images/15832Pistachio-Baklava-Edited-Square9aa8.png]
[images.getbento.com/accounts/0e58cf8ea89fa9cc4ccdf16360d9f235/media/images/1510Hot-Sauce3279.png]
[images.getbento.com/accounts/0e58cf8ea89fa9cc4ccdf16360d9f235/media/images/268074596Tahineh-Sauce9aa8.png]
[images.getbento.com/accounts/0e58cf8ea89fa9cc4ccdf16360d9f235/media/images/34123Garlic-Sauce3279.png]
[images.getbento.com/accounts/0e58cf8ea89fa9cc4ccdf16360d9f235/media/images/78533Mint-Lemonade3279.png]
[images.getbento.com/accounts/0e58cf8ea89fa9cc4ccdf16360d9f235/media/images/49357Mamouns-Iced-Tea-13279.png]
[images.getbento.com/accounts/0e58cf8ea89fa9cc4ccdf16360d9f235/media/images/78533Mango3279.png]
[images.getbento.com/accounts/0e58cf8ea89fa9cc4ccdf16360d9f235/media/images/63331Tamarind3279.png]
[images.getbento.com/accounts/0e58cf8ea89fa9cc4ccdf16360d9f235/media/images/79868Soda_13279.png]
[images.getbento.com/accounts/0e58cf8ea89fa9cc4ccdf16360d9f235/media/images/46890Bottled-Water3279.png]
[www.mamouns.com/menu/index.html]
[images.getbento.com/accounts/0e58cf8ea89fa9cc4ccdf16360d9f235/media/images/24691Image-438bb.jpg]
[images.getbento.com/accounts/0e58cf8ea89fa9cc4ccdf16360d9f235/media/images/24691Image-49aa8.jpg]
[images.getbento.com/accounts/0e58cf8ea89fa9cc4ccdf16360d9f235/media/images/60842Mamouns2901-Edited9aa8.jpg]
[images.getbento.com/accounts/0e58cf8ea89fa9cc4ccdf16360d9f235/media/images/49661Mamouns2904-Edited9aa8.jpg]
[images.getbento.com/accounts/0e58cf8ea89fa9cc4ccdf16360d9f235/media/images/60722Mamouns2881-Edited9aa8.jpg]
[images.getbento.com/accounts/0e58cf8ea89fa9cc4ccdf16360d9f235/media/images/86550Mamouns2885-Edited9aa8.jpg]
[images.getbento.com/accounts/0e58cf8ea89fa9cc4ccdf16360d9f235/media/images/63557Mamouns2875-Edited9aa8.jpg]
[images.getbento.com/accounts/0e58cf8ea89fa9cc4ccdf16360d9f235/media/images/75503Mamouns2863-Edited9aa8.jpg]
[images.getbento.com/accounts/0e58cf8ea89fa9cc4ccdf16360d9f235/media/images/71673Mamouns2857-Edited9aa8.jpg]
[images.getbento.com/accounts/0e58cf8ea89fa9cc4ccdf16360d9f235/media/images/35621Mamouns2859-Edited9aa8.jpg]
[images.getbento.com/accounts/0e58cf8ea89fa9cc4ccdf16360d9f235/media/images/85673Mamouns2871-Edited9aa8.jpg]
[images.getbento.com/accounts/0e58cf8ea89fa9cc4ccdf16360d9f235/media/images/29681Mammouns_Aug__20238908_Edit_Small9aa8.jpg]
[images.getbento.com/accounts/0e58cf8ea89fa9cc4ccdf16360d9f235/media/images/14856Mamouns2909-Edited9aa8.jpg]
[images.getbento.com/accounts/0e58cf8ea89fa9cc4ccdf16360d9f235/media/images/83605Mamouns2853-Edited9aa8.jpg]
[images.getbento.com/accounts/0e58cf8ea89fa9cc4ccdf16360d9f235/media/images/33959Mammouns_Aug__20238902_Edit_Small9aa8.jpg]
[images.getbento.com/accounts/0e58cf8ea89fa9cc4ccdf16360d9f235/media/images/13059Baklava_-_walnut_pic9aa8.jpg]
[images.getbento.com/accounts/0e58cf8ea89fa9cc4ccdf16360d9f235/media/images/4036Baklava_-_pistachio_pic9aa8.jpg]
[images.getbento.com/accounts/0e58cf8ea89fa9cc4ccdf16360d9f235/media/images/39640Mammouns_Aug__20238922-Edit9aa8.jpg]
[images.getbento.com/accounts/0e58cf8ea89fa9cc4ccdf16360d9f235/media/images/87312Mamouns29469aa8.jpg]
[images.getbento.com/accounts/0e58cf8ea89fa9cc4ccdf16360d9f235/media/images/74769P2380035-019aa8.jpg]
[images.getbento.com/accounts/0e58cf8ea89fa9cc4ccdf16360d9f235/media/images/51068Mammouns_Aug__20238919_Edit9aa8.jpg]
[images.getbento.com/accounts/0e58cf8ea89fa9cc4ccdf16360d9f235/media/images/629142109aa8.jpg]
[www.mamouns.com/catering/index.html]
[images.getbento.com/accounts/0e58cf8ea89fa9cc4ccdf16360d9f235/media/images/71900mamouns_156_V3_Edited38bb.jpg]
[images.getbento.com/accounts/0e58cf8ea89fa9cc4ccdf16360d9f235/media/images/71900mamouns_156_V3_Edited9aa8.jpg]
[www.mamouns.com/earn-rewards/index.html]
[images.getbento.com/accounts/0e58cf8ea89fa9cc4ccdf16360d9f235/media/images/Phone_Image_V17c0c.png]
[www.mamouns.com/rewards-faq/index.html]
[images.getbento.com/accounts/0e58cf8ea89fa9cc4ccdf16360d9f235/media/images/17080201763587c0c.jpg]
[images.getbento.com/accounts/0e58cf8ea89fa9cc4ccdf16360d9f235/media/images/17080201858687c0c.jpg]
[images.getbento.com/accounts/0e58cf8ea89fa9cc4ccdf16360d9f235/media/images/17080201968677c0c.jpg]
[images.getbento.com/accounts/0e58cf8ea89fa9cc4ccdf16360d9f235/media/images/57124Icon_-_Referral_Program7c0c.jpg]
[images.getbento.com/accounts/0e58cf8ea89fa9cc4ccdf16360d9f235/media/images/17080202119057c0c.jpg]
[images.getbento.com/accounts/0e58cf8ea89fa9cc4ccdf16360d9f235/media/images/Apple_-_app-download-buttons7c0c.png]
[www.mamouns.com/rewards/index.html]
[images.getbento.com/accounts/0e58cf8ea89fa9cc4ccdf16360d9f235/media/images/Google_-_app-download-buttons7c0c.png]
[www.mamouns.com/store/index.html]
[www.mamouns.com/store/cart/index.html]
[images.getbento.com/accounts/0e58cf8ea89fa9cc4ccdf16360d9f235/media/images/23688Gift_Card_Hero38bb.jpg]
[images.getbento.com/accounts/0e58cf8ea89fa9cc4ccdf16360d9f235/media/images/23688Gift_Card_Hero3279.jpg]
[www.mamouns.com/gift-cards/index.html]
[images.getbento.com/accounts/0e58cf8ea89fa9cc4ccdf16360d9f235/media/images/24777IMG_6986_Edited38bb.jpg]
[images.getbento.com/accounts/0e58cf8ea89fa9cc4ccdf16360d9f235/media/images/24777IMG_6986_Edited9aa8.jpg]
[images.getbento.com/accounts/0e58cf8ea89fa9cc4ccdf16360d9f235/media/images/IMG_58915f02.jpg]
[images.getbento.com/accounts/0e58cf8ea89fa9cc4ccdf16360d9f235/media/images/1966FB_IMG_1455748398277-Edited3279.jpg]
[images.getbento.com/accounts/0e58cf8ea89fa9cc4ccdf16360d9f235/media/images/96287historic-01-bw9aa8.jpg]
[images.getbento.com/accounts/0e58cf8ea89fa9cc4ccdf16360d9f235/media/images/42453IMG_0309-17c0c.jpg]
[www.mamouns.com/history/index.html]
[images.getbento.com/accounts/0e58cf8ea89fa9cc4ccdf16360d9f235/media/images/62864press_left38bb.jpg]
[images.getbento.com/accounts/0e58cf8ea89fa9cc4ccdf16360d9f235/media/images/62864press_left3279.jpg]
[images.getbento.com/accounts/0e58cf8ea89fa9cc4ccdf16360d9f235/media/images/44247mamouns_147_Square9aa8.jpg]
[images.getbento.com/accounts/0e58cf8ea89fa9cc4ccdf16360d9f235/media/images/42367mamouns_269aa8.jpg]
[images.getbento.com/accounts/0e58cf8ea89fa9cc4ccdf16360d9f235/media/images/57164255-Mamouns-Slique_Square9aa8.jpg]
[images.getbento.com/accounts/0e58cf8ea89fa9cc4ccdf16360d9f235/media/images/79634IMG_71219aa8.jpg]
[images.getbento.com/accounts/0e58cf8ea89fa9cc4ccdf16360d9f235/media/images/92445mamouns58039aa8.jpg]
[images.getbento.com/accounts/0e58cf8ea89fa9cc4ccdf16360d9f235/media/images/5362241-Mamoun-s-Falafel-NYC9aa8.jpg]
[images.getbento.com/accounts/0e58cf8ea89fa9cc4ccdf16360d9f235/media/images/32917e6fc6ea1c4c5544a59ced7735c28dbab3279.jpg]
[images.getbento.com/accounts/0e58cf8ea89fa9cc4ccdf16360d9f235/media/images/4479ca8ccdf59de4931c5095860a806966d3279.jpg]
[www.mamouns.com/press/index.html]
[images.getbento.com/accounts/0e58cf8ea89fa9cc4ccdf16360d9f235/media/images/65008mamounsday2_289-Copy3279.jpg]
[images.getbento.com/accounts/0e58cf8ea89fa9cc4ccdf16360d9f235/media/images/95040App-Featured-Graphic-V2-Website-Cover-Image-0138bb.jpg]
[www.mamouns.com/press/index905b.html]
[images.getbento.com/accounts/0e58cf8ea89fa9cc4ccdf16360d9f235/media/images/95040App-Featured-Graphic-V2-Website-Cover-Image-013279.jpg]
[images.getbento.com/accounts/0e58cf8ea89fa9cc4ccdf16360d9f235/media/images/74706Halal-V2-Square9aa8.jpg]
[www.mamouns.com/halal/index.html]
[images.getbento.com/accounts/0e58cf8ea89fa9cc4ccdf16360d9f235/media/images/35797_DSC1026_bw38bb.jpg]
[images.getbento.com/accounts/0e58cf8ea89fa9cc4ccdf16360d9f235/media/images/35797_DSC1026_bw3279.jpg]
[www.mamouns.com/contact/index.html]
[www.mamouns.com/privacypolicy/index.html]
[images.getbento.com/accounts/0e58cf8ea89fa9cc4ccdf16360d9f235/media/images/85158227-Mamouns-Slique-Edited38bb.jpg]
[images.getbento.com/accounts/0e58cf8ea89fa9cc4ccdf16360d9f235/media/images/6623249964IMG_6708-Edited-Square9aa8.jpg]
[www.mamouns.com/store/product/mamouns-hot-sauce/index.html]
[www.mamouns.com/signals/config/index.html]
[www.mamouns.com/a/index.html]
[www.mamouns.com/signals/plugins/index.html]
[www.mamouns.com/schema.org/index.html]
[www.mamouns.com/b.resolvedLink/index.html]
[www.mamouns.com/d/index.html]
[www.mamouns.com/signals/iwl.js/index.html]
[www.mamouns.com/signals/iwl.js/index0fc5.html]
[www.mamouns.com/c.dl/index.html]
[www.mamouns.com/c.rl/index.html]
[www.mamouns.com/earn-rewards/index.html]
[images.getbento.com/accounts/0e58cf8ea89fa9cc4ccdf16360d9f235/media/images/85158227-Mamouns-Slique-Edited717a.jpg]
[www.mamouns.com/rewards-faq/index.html]
[www.mamouns.com/store/cart/index.html]
[images.getbento.com/accounts/0e58cf8ea89fa9cc4ccdf16360d9f235/media/images/80585mamouns_1143279.jpg]
[images.getbento.com/accounts/0e58cf8ea89fa9cc4ccdf16360d9f235/media/images/64294mamounsday2_4853279.jpg]
[images.getbento.com/accounts/0e58cf8ea89fa9cc4ccdf16360d9f235/media/images/90023Picture3-Edit9aa8.jpg]
[images.getbento.com/accounts/0e58cf8ea89fa9cc4ccdf16360d9f235/media/images/36684Seal-V5-Brown-on-White-Preview-File-013279.jpg]
[images.getbento.com/accounts/0e58cf8ea89fa9cc4ccdf16360d9f235/media/images/42453IMG_0309-1b560.jpg]
[images.getbento.com/accounts/0e58cf8ea89fa9cc4ccdf16360d9f235/media/images/9805ER-4-22-21-013279.jpg]
[images.getbento.com/accounts/0e58cf8ea89fa9cc4ccdf16360d9f235/media/images/33546mamounsday2_3823279.jpg]
[images.getbento.com/accounts/0e58cf8ea89fa9cc4ccdf16360d9f235/media/images/42054mamounsday2_2943279.jpg]
[images.getbento.com/accounts/0e58cf8ea89fa9cc4ccdf16360d9f235/media/images/72344130-Mamouns-Slique3279.jpg]
[images.getbento.com/accounts/0e58cf8ea89fa9cc4ccdf16360d9f235/media/images/6878mamounsday2_2859aa8.jpg]
[www.mamouns.com/press/index905b.html]
[www.mamouns.com/press/index2207.html]
[www.mamouns.com/press/indexcff1.html]
[images.getbento.com/accounts/0e58cf8ea89fa9cc4ccdf16360d9f235/media/images/51853Buy-One-Feed-One-Finale-Press-Image-013279.png]
[images.getbento.com/accounts/0e58cf8ea89fa9cc4ccdf16360d9f235/media/images/118052020-Best-of-Winners-Announced-500x5003279.png]
[images.getbento.com/accounts/0e58cf8ea89fa9cc4ccdf16360d9f235/media/images/40802house60463279.jpg]
[images.getbento.com/accounts/0e58cf8ea89fa9cc4ccdf16360d9f235/media/images/89444Buy-One-Feed-One-Press-Image-013279.png]
[images.getbento.com/accounts/0e58cf8ea89fa9cc4ccdf16360d9f235/media/images/43654mamoun3279.jpg]
[images.getbento.com/accounts/0e58cf8ea89fa9cc4ccdf16360d9f235/media/images/78195eateratlanta3279.jpg]
[images.getbento.com/accounts/0e58cf8ea89fa9cc4ccdf16360d9f235/media/images/65625eaterla3279.jpg]
[images.getbento.com/accounts/0e58cf8ea89fa9cc4ccdf16360d9f235/media/images/34603WholeWall20193279.jpg]
[images.getbento.com/accounts/0e58cf8ea89fa9cc4ccdf16360d9f235/media/images/66477insider3279.jpg]
[images.getbento.com/accounts/0e58cf8ea89fa9cc4ccdf16360d9f235/media/images/36893d2db84d9-a8d0-4732-aee5-f5232a944eff-143-Mamouns-Slique3279.jpg]
[www.mamouns.com/press/index2207.html]
[www.mamouns.com/press/indexcff1.html]
[www.mamouns.com/press/index5c7e.html]
[images.getbento.com/accounts/0e58cf8ea89fa9cc4ccdf16360d9f235/media/images/42395maxresdefault3279.jpg]
[images.getbento.com/accounts/0e58cf8ea89fa9cc4ccdf16360d9f235/media/images/76432118688477_1278049869214269_3819271512689402599_n3279.jpg]
[images.getbento.com/accounts/0e58cf8ea89fa9cc4ccdf16360d9f235/media/images/79858hqdefault3279.jpg]
[images.getbento.com/accounts/0e58cf8ea89fa9cc4ccdf16360d9f235/media/images/8861mamouns-falafel-yelp-hailey-k3279.jpg]
[images.getbento.com/accounts/0e58cf8ea89fa9cc4ccdf16360d9f235/media/images/95619N3279.jpg]
[images.getbento.com/accounts/0e58cf8ea89fa9cc4ccdf16360d9f235/media/images/11656sddefault3279.jpg]
[images.getbento.com/accounts/0e58cf8ea89fa9cc4ccdf16360d9f235/media/images/65558hqdefault-23279.jpg]
[images.getbento.com/accounts/0e58cf8ea89fa9cc4ccdf16360d9f235/media/images/48341download3279.jpg]
[images.getbento.com/accounts/0e58cf8ea89fa9cc4ccdf16360d9f235/media/images/93371hqdefault-13279.jpg]
[www.mamouns.com/press/index5c7e.html]
